// Jest Snapshot v1, https://goo.gl/fbAQLP

exports[`renders correctly 1`] = `
Array [
  <header
    className="App-header"
  >
    <div
      className="logo"
    >
      <img
        alt="logo"
        src="./img/лого1.gif"
      />
    </div>
    <nav>
      <ul
        className="App-list"
      >
        <li>
          <button
            onClick={[Function]}
          >
            Карта
          </button>
        </li>
        <li>
          <button
            onClick={[Function]}
          >
            Профиль
          </button>
        </li>
        <li>
          <button
            onClick={[Function]}
          >
            Выйти
          </button>
        </li>
      </ul>
    </nav>
  </header>,
  <main>
    <section>
      <form>
        <h2
          className="App-form-title"
        >
          Войти
        </h2>
        <div
          className="App-form-text"
        >
          <div>
            Новый пользователь?
          </div>
          <div
            onClick={[Function]}
          >
            Зарегистрируйся
          </div>
        </div>
        <label
          htmlFor="email"
        >
          Имя пользователя*
        </label>
        <input
          id="email"
          name="email"
          size="email"
          type="email"
        />
        <label
          htmlFor="password"
        >
          Пароль*
        </label>
        <input
          id="password"
          name="password"
          size="28"
          type="password"
        />
        <label
          htmlFor="submit"
        />
        <input
          form="data"
          onClick={[Function]}
          type="submit"
          value="Войти"
        />
      </form>
    </section>
  </main>,
]
`;
